### Ansible notes ###

# Intro :

ansible 
> cms ( config managment system)
> orchestration
> deploiement (à voir)

> agent "less" / compatibilité descendante / très peu de pre-requi ( python 2.4 /2.5 mini ; ssh )
> courbe d'apprentissage rapide 
> templating puissant
> simple

Install du soft :
 apt-get install ansible
creation du repertoire hebergeant nos tests :
un repertoire playbooks est obligatoire : 
mkdir-p /home/boogie/lab/ansible/playbooks

Création d'un fichier hosts qui sert de fichier d'inventaire qu'ansible utilise pour les runs.
ici une vm vagrant est utilisée :

boogie@x61:~/lab/ansible/playbooks$ cat hosts 
testserver ansible_ssh_host=127.0.0.1 ansible_ssh_port=2222 ansible_ssh_user=vagrant ansible_ssh_private_key_file=.vagrant/machines/default/virtualbox/private_key

Premier test :
boogie@x61:~/lab/ansible/playbooks$ ansible testserver -i hosts -m ping
testserver | success >> {
    "changed": false, 
    "ping": "pong"
}

Simplification du paramètrage en renseignant le fichier ansible.cfg qui va nous permettre de définir automatiquement des paramètres de conf. 
Ansible lit en priorité le fichier ansible.cfg et donc dans l'ordre :
> renseignant la variable de config ANSIBLE_CONFIG
> repertoire courant
> $HOME_DIR sur user
-> /etc/ansible/ansible.cfg

Ici on renseigne avec les param de notre vm vagrant . NB : on désactive le check de clé ssh uniquement parce qu'on est en test: 
boogie@x61:~/lab/ansible/playbooks$ cat ansible.cfg 
[defaults]
hostfile = hosts
remote_user = vagrant
private_key_file = .vagrant/machines/default/virtualbox/private_key
host_key_checking = False

NB : ansible utilise par default /etc/ansible/hosts comme fichier d'inventaire.
On peut by-passer ce fichier en incluant directement notre fichier hosts situé dans le repertoire playbooks : ce qui permet ede centraliser et versionner la conf avec git ou svn .
On peut donc simplifier notre fichier hosts:
testserver ansible_ssh_host=127.0.0.1 ansible_ssh_port=2222
De même les appels peuvent se faire directement :
boogie@x61:~/lab/ansible/playbooks$ ansible testserver -m ping
testserver | success >> {
    "changed": false, 
    "ping": "pong"
}


On peut invoquer ansible pour lancer une commande systeme sur un /des serveurs :
On utilise le module command ( -m command ) et on passe l'option -a avec la commande système à passer :
boogie@x61:~/lab/ansible/playbooks$ ansible testserver -m command -a "w"
testserver | success | rc=0 >>
 18:39:02 up 26 min,  1 user,  load average: 0.00, 0.01, 0.08
USER     TTY      FROM             LOGIN@   IDLE   JCPU   PCPU WHAT
vagrant  pts/0    10.0.2.2         18:39    0.00s  0.31s  0.03s w
Le module command est très commun et nous pouvons ne pas l'invoquer explicitement mais directement passer la commande :

boogie@x61:~/lab/ansible/playbooks$ ansible testserver -a "w"
testserver | success | rc=0 >>
 18:37:36 up 24 min,  1 user,  load average: 0.01, 0.02, 0.09
USER     TTY      FROM             LOGIN@   IDLE   JCPU   PCPU WHAT
vagrant  pts/0    10.0.2.2         18:37    1.00s  0.32s  0.03s w

Si notre commande comporte des espaces il faut l'entourer de " : ex : "tail /var/log/dmesg".
Si on a besoin d'un acces root on doit utiliser l'option -s : sudo.Ex :
boogie@x61:~/lab/ansible/playbooks$ ansible testserver -s -a "tail /var/log/kern.log"
testserver | success | rc=0 >>
Jul 22 07:40:55 vagrant-ubuntu-trusty-64 kernel: [   57.004208] type=1400 audit(1437550855.336:14): apparmor="STATUS" operation="profile_load" profile="unconfined" name="/usr/sbin/tcpdump" pid=900 comm="apparmor_parser"
Jul 22 07:40:55 vagrant-ubuntu-trusty-64 kernel: [   57.598706] vboxvideo: Unknown symbol drm_open (err 0)
Jul 22 07:40:55 vagrant-ubuntu-trusty-64 kernel: [   57.598754] vboxvideo: Unknown symbol drm_poll (err 0)
Jul 22 07:40:55 vagrant-ubuntu-trusty-64 kernel: [   57.598783] vboxvideo: Unknown symbol drm_pci_init (err 0)
Jul 22 07:40:55 vagrant-ubuntu-trusty-64 kernel: [   57.598815] vboxvideo: Unknown symbol drm_ioctl (err 0)
Jul 22 07:40:55 vagrant-ubuntu-trusty-64 kernel: [   57.598841] vboxvideo: Unknown symbol drm_mmap (err 0)
Jul 22 07:40:55 vagrant-ubuntu-trusty-64 kernel: [   57.598866] vboxvideo: Unknown symbol drm_pci_exit (err 0)
Jul 22 07:40:55 vagrant-ubuntu-trusty-64 kernel: [   57.598890] vboxvideo: Unknown symbol drm_release (err 0)
Jul 22 07:41:02 vagrant-ubuntu-trusty-64 kernel: [   64.093219] vboxsf: Successfully loaded version 4.3.10_Ubuntu (interface 0x00010004)
Jul 22 07:41:17 vagrant-ubuntu-trusty-64 kernel: [   79.440331] hrtimer: interrupt took 4017824 ns

Nous ne sommes pas limité au ping et à l'utilisation du module commandes : on peut par exemple installer des applis avec la ligne de comande ansible .Ex :
ansible testserver -s -m apt -a name=nginx
Si la commande echoue : on peut lancer un equivalent "apt-get update" via ansible :
 ansible testserver -s -m apt -a name=nginx update_cache=yes
Idem pour la gestion du service. Ex : redemarrer nginx sur notre vm :
ansible testserver -s -m service -a "name=nginx state=restarted"

# Playbooks : intro
Le terme playbooks correspond au script de config systeme utilisé par ansible :
On va installer et configurer nginx et securiser ses communications.

Nb : dans un premier temps on va rediriger les ports 8080 et 8443 de notre machinne vers les ports 80 et 443 de la vagrant vm.Pour pouvoir correctement tester depuis notre machine le serveur web de la vagrant vm : http://localhost:8080 and https://localhost:8443.
On va modifier le fichier Vagrantfile présent dans notre repertoire principal de manière à configurer la redirection de port :

VAGRANTFILE_API_VERSION = "2"
Vagrant.configure(VAGRANTFILE_API_VERSION) do |config|
  config.vm.box = "ubuntu/trusty64"
  config.vm.network "forwarded_port", guest: 80, host: 8080
  config.vm.network "forwarded_port", guest: 443, host: 8443
end

Apres la modif de conf on reload notre vagrant et on voit la redirection de port se charger :

boogie@x61:~/lab/ansible/playbooks$ vagrant reload

==> default: Preparing network interfaces based on configuration...
    default: Adapter 1: nat
==> default: Forwarding ports...
    default: 80 => 8080 (adapter 1)
    default: 443 => 8443 (adapter 1)
    default: 22 => 2222 (adapter 1)
==> default: Booting VM...
==> default: Waiting for machine to boot. This may take a few minutes...
    default: SSH address: 127.0.0.1:2222

Pour arrêter notre vm vagrant :

boogie@x61:~/lab/ansible/playbooks$ vagrant halt
==> default: Attempting graceful shutdown of VM...

première conf : simple. Sans support tls

boogie@x61:~/lab/ansible/playbooks$ cat web-notls.yml 
- name: Configure webserver with nginx
hosts: webservers
sudo: True
tasks:

  - name: install nginx
    apt: name=nginx update_cache=yes

  - name: copy nginx config file
    copy: src=files/nginx.conf dest=/etc/nginx/sites-available/default

  - name: enable configuration
    file: >
      dest=/etc/nginx/sites-enabled/default
      src=/etc/nginx/sites-available/default
      state=link

  - name: copy index.html
    template: src=templates/index.html.j2 dest=/usr/share/nginx/html/index.html
      mode=0644

  - name: restart nginx
    service: name=nginx state=restarted




Convention Ansible sur conditions  vrai ou fausse :
"""
Ansible is pretty flexible on how you represent truthy and falsey values in playbooks.
Strictly speaking, module arguments (like update_cache=yes ) are treated differently
from values elsewhere in playbooks (like sudo: True ). Values elsewhere are handled
by the YAML parser and so use the YAML conventions of truthiness, which are:
YAML truthy
true , True , TRUE , yes , Yes , YES , on , On , ON , y , Y
YAML falsey
false , False , FALSE , no , No , NO , off , Off , OFF , n , N
Module arguments are passed as strings and use Ansible’s internal conventions, which
are:
A Very Simple Playbook
www.it-ebooks.info
|
23module arg truthy
yes , on , 1 , true
module arg falsey
no , off , 0 , false
I tend to follow the examples in the official Ansible documentation. These typically
use yes and no when passing arguments to modules 
"""


-Creation du fichier de conf nginx que l'on place dans un repertoire files crée au prealable :

playbooks/files/nginx.conf. 

server {
    listen 80 default_server;
    listen [::]:80 default_server ipv6only=on;
  
    root /usr/share/nginx/html;
    index index.html index.htm;
  
    server_name localhost;
    location / {
  
    try_files $uri $uri/ =404;
    }
}
Convention ansible :

les fichiers doivent être dans un repertoire files.
les templates jinja2 dans un repertoire templates.

-Creation d'une home personalisée :

playbooks/templates/index.html.j2
<html>
    <head>
        <title>Welcome to ansible</title>
    </head>
    <body>
        <h1>nginx, configured by Ansible</h1>
            <p>If you can see this, Ansible successfully installed nginx.</p>
            <p>{{ ansible_managed }}</p>
    </body>
</html>


Recap arbo :

boogie@x61:~/lab/ansible$ tree
.
└── playbooks
    ├── ansible.cfg
    ├── files
    │   └── nginx.conf
    ├── hosts
    ├── templates
    │   └── index.html.j2
    ├── Vagrantfile
    └── web-notls.yml

-Creation d'un groupe webserver :
On cree un group dans notre fichier d'inventaire qu'on pourra referencer dans notre playbook. Pour l'instant ce group contiendra notre "testserver" .
La convention est d'utiliser le format "ini"
boogie@x61:~/lab/ansible/playbooks$ cat hosts 
[webservers]
testserver ansible_ssh_host=127.0.0.1 ansible_ssh_port=2222

On peut donc naturellement pinger le groupserver :

boogie@x61:~/lab/ansible/playbooks$ ansible webservers -m ping
testserver | success >> {
    "changed": false, 
    "ping": "pong"
}

-Execution du playbook :

boogie@x61:~/lab/ansible/playbooks$ ansible-playbook web-notls.yml

PLAY [Configure webserver with nginx] ***************************************** 

GATHERING FACTS *************************************************************** 
ok: [testserver]

TASK: [install nginx] ********************************************************* 
changed: [testserver]

TASK: [copy nginx config file] ************************************************ 
changed: [testserver]

TASK: [enable configuration] ************************************************** 
ok: [testserver]

TASK: [copy index.html] ******************************************************* 
changed: [testserver]

TASK: [restart nginx] ********************************************************* 
changed: [testserver]

PLAY RECAP ******************************************************************** 
testserver                 : ok=6    changed=4    unreachable=0    failed=0   

Dans notre navigateur : http://localhost:8080/
nous permet de voir notre "home" personalisée :
nginx, configured by Ansible

If you can see this, Ansible successfully installed nginx.

Ansible managed: /home/boogie/lab/ansible/playbooks/templates/index.html.j2 modified on 2015-07-23 06:23:39 by boogie on x61

Notes : en rendant notre fichier playbook executable et en renseignant dans l'entête  #!/usr/bin/env ansible-playbook , on peut executer directement le fichier :
$ ./web-notls.yml


-YAML : syntax 
Tous les doc yaml commence par :
---
Commentaires :
#
Strings 
On est pas obliger de quoter "" les mots , cependant c'est obligatoire dans l'utilisation de certains caractères  {{ }} ..
Booleen 
Yaml est nativement booleen . On peut par convention utiliser True et False 
Lists 
Elle sont typiquement en yaml appellées sequence mais dans ansible c'est la mot liste qui est utilisé.Elle commence toujours par un - 
  - lapin
  - coucou
le format inline est aussi supporté : [lapin,coucou]
Dictionnaires 
ils sont appellés mapping en yaml mais dict en ansible . 
  lapin: 44
  coucou: 55
La syntaxe inline est acceptée : {lapin: 44, coucou: 55}
Retour à la ligne:
quand on ecrit des playbooks on peut pour des raisons esthetiques vouloir faire une retour chariot tout en laissant ansible ne traiter qu'une seule ligne. On peut utiliser le caractère ">" pour gérer ce cas :
address:>
    4 rue
    du terrier
    app B
city: youp

# Anatomie d'un playbook
Un playbook est une liste de dictionnaires.
C'est specifiquement une liste de "play" ( actuellement il n'y a qu'un seul play dans notre playbook)
Chaque "play" doit impérativement contenir :
> une liste de host/s à configurer.
> une liste d'actions à effectuer sur ces hosts. 
Les "plays" comportent aussi des param optionnels dont les plus fréquents sont :
> name : un commentaire de ce que notre "play" va faire ( ansible affiche ce commentaire lors du run.)
> sudo : si c'est placé à True chaque tâche va être effectuée en tant que root ( nécéssaire pour l'admin de servers.)
> vars : une liste de variables et de valeurs.







